---
source: src/main.rs
expression: written
---
Some API
#pagebreak()
== a section
This is an API
